### Step 2A
/c/Users/cheri

### Step 2B
cheri@Cheri-ASUS-Laptop MINGW64 ~/OneDrive
$ cd Desktop/

### Step 2C
cheri@Cheri-ASUS-Laptop MINGW64 ~/OneDrive/Desktop
$ cd unit1-git-practice/

### Step 2D
cheri@Cheri-ASUS-Laptop MINGW64 ~/OneDrive/Desktop/unit1-git-practice
$ pwd
/c/Users/cheri/OneDrive/Desktop/unit1-git-practice

### Step 2E
cheri@Cheri-ASUS-Laptop MINGW64 ~/OneDrive/Desktop/unit1-git-practice
$ ls

### Step 2F
my-steps.txt

### Step 2G 
$ cd ..

### Step 2H
cheri@Cheri-ASUS-Laptop MINGW64 ~
$ pwd
/c/Users/cheri

### Step 2I
$ ls

### Step 2J
$ cd ~

### Step 2K
$ cd /c/Users/cheri/OneDrive/Desktop/unit1-git-practice/

### Step 3A
$ mkdir veggies
$ mkdir meats
$ mkdir desserts

### Step 3B
$ mv desserts sweets

### Step 3C
$ mkdir proteins

### Step 3D
$ mv meats proteins/

### Step 3E
$ cd veggies/
$ touch carrot.txt
$ touch pea.txt

### Step 3F
$ cd ..
$ cd sweets/
$ touch cookie.txt

### Step 3G
$ mv cookie.txt donut.txt

### Step 3H
$ touch thing.txt

### Step 3I
$ cp thing.txt tofu.txt

### Step 3J
$ mv tofu.txt proteins/

### Step 3K
$ cp thing.txt crab.txt
$ mv crab.txt proteins/meats

### Step 3L
$ rm thing.txt

### Step 3M
$ cp -r veggies plants

### Step 3N
$ mkdir drinks
$ rm -r drinks

### Step 4
cheri@Cheri-ASUS-Laptop MINGW64 ~/OneDrive/Desktop/unit1-git-practice (master)
$ git init
Initialized empty Git repository in C:/Users/cheri/OneDrive/Desktop/unit1-git-practice/.git/

cheri@Cheri-ASUS-Laptop MINGW64 ~/OneDrive/Desktop/unit1-git-practice (master)
$ git add .
warning: in the working copy of 'my-steps.txt', LF will be replaced by CRLF the next time Git touches it

cheri@Cheri-ASUS-Laptop MINGW64 ~/OneDrive/Desktop/unit1-git-practice (master)
$ git status
On branch master

No commits yet

Changes to be committed:
  (use "git rm --cached <file>..." to unstage)
        new file:   my-steps.txt
        new file:   plants/carrot.txt
        new file:   plants/pea.txt
        new file:   proteins/meats/crab.txt
        new file:   proteins/tofu.txt
        new file:   sweets/donut.txt
        new file:   veggies/carrot.txt
        new file:   veggies/pea.txt


cheri@Cheri-ASUS-Laptop MINGW64 ~/OneDrive/Desktop/unit1-git-practice (master)
$ git commit -m "Deliverable one"
[master (root-commit) 1764e71] Deliverable one
 8 files changed, 88 insertions(+)
 create mode 100644 my-steps.txt
 create mode 100644 plants/carrot.txt
 create mode 100644 plants/pea.txt
 create mode 100644 proteins/meats/crab.txt
 create mode 100644 proteins/tofu.txt
 create mode 100644 sweets/donut.txt
 create mode 100644 veggies/carrot.txt
 create mode 100644 veggies/pea.txt

### Step 5
$ git remote add origin https://github.com/cheribolin/unit1-git-practice.git
git branch -M main
git push -u origin main
Enumerating objects: 8, done.
Counting objects: 100% (8/8), done.
Delta compression using up to 8 threads
Compressing objects: 100% (5/5), done.
Writing objects: 100% (8/8), 692 bytes | 346.00 KiB/s, done.
Total 8 (delta 0), reused 0 (delta 0), pack-reused 0 (from 0)
To https://github.com/cheribolin/unit1-git-practice.git
 * [new branch]      main -> main
branch 'main' set up to track 'origin/main'.


### Step 6


### Step 7
*** DO NOT RECORD STEP 7 ***